[dotenv@17.2.4] injecting env (0) from .env -- tip: 🔐 prevent committing .env to code: https://dotenvx.com/precommit
ArmourMail Warden active on port 3001
